DI	B	D	2	2	2.258200e+01	2.258200e+01	2.258200e+01
