DI	A	B	9	3	7.925580e+00	7.925580e+00	7.925580e+00
DI	C	D	9	6	1.490564e+01	1.490564e+01	1.490564e+01
DI	E	F	9	9	2.139232e+01	2.139232e+01	2.139232e+01
DS	1	3	3	0
DS	2	3	3	1
DS	3	3	3	2
DS	3	2	2	3
