DI	s1	s1	1	0	0.000000e+00	0.000000e+00	0.000000e+00
