INFO	sites-compared	2
INFO	sites-skipped-no-match	3
INFO	sites-skipped-multiallelic	1
INFO	sites-skipped-monoallelic	1
INFO	sites-skipped-no-data	1
INFO	sites-skipped-GT-not-diploid	1
INFO	sites-skipped-PL-not-diploid	1
INFO	sites-skipped-filtering-expression	0
INFO	sites-used-PL-vs-PL	0
INFO	sites-used-PL-vs-GT	1
INFO	sites-used-GT-vs-PL	0
INFO	sites-used-GT-vs-GT	1
DI	A	A	2	3.000150e-04	0.000000e+00	0.000000e+00	0.000000e+00
