DI	smpl	x5	6	1.200060e-03	6.073183e-01	6.073183e-01	6.073183e-01
DI	smpl	x3	5	1.000050e-03	6.288852e-01	5.240710e-01	7.284043e-01
