DI	smpl	x1	6	4.951814e+01	1.144864e-01	1.144864e-01	1.144864e-01
DI	smpl	x2	6	9.904588e+00	5.240734e-01	5.240734e-01	5.240734e-01
DI	smpl	x3	5	1.000050e-03	6.288852e-01	5.240710e-01	7.284043e-01
DI	smpl	x4	6	2.971136e+01	4.022209e-01	4.022209e-01	4.022209e-01
DI	smpl	x5	6	1.200060e-03	6.073183e-01	6.073183e-01	6.073183e-01
DI	smpl	x6	6	3.961475e+01	2.877469e-01	2.877469e-01	2.877469e-01
