DI	D	C	2	2	2.258200e+01	2.258200e+01	2.258200e+01
DI	E	C	2	1	1.152722e+01	1.152722e+01	1.152722e+01
DI	E	D	2	1	1.150293e+01	1.150293e+01	1.150293e+01
