DI	s1	s1	2	4.002001e-03	0.000000e+00	0.000000e+00	0.000000e+00
