DI	B	C	2	1	1.108674e+01	1.108674e+01	1.108674e+01
DI	B	D	2	2	2.258200e+01	2.258200e+01	2.258200e+01
