chr16	75	.	C	T,<*>	0	.	DP=246;I16=114,125,1,0,8929,339403,8,64,14340,860400,40,1600,3901,80155,11,121;QS=1.99845,0.00154859,0;SGB=-0.516033;NM=20;RPBZ=-1.13322;MQBZ=-15.4596;MQSBZ=1.04257;BQBZ=-1.74564;NMBZ=7.74597;SCBZ=10.8628;FS=0;MQ0F=0	PL	0,255,255,255,255,255	0,255,255,255,255,255
chr16	75	.	CTTTTTTTT	CTTTTTTTTT	0	.	INDEL;IDV=38;IMF=0.368932;DP=246;I16=77,95,24,17,6880,275200,1640,65600,10320,619200,2460,147600,3155,66991,675,13499;QS=1.40875,0.591254;VDB=0.651906;SGB=-14.5426;RPBZ=-1.68678;MQBZ=0.434057;MQSBZ=1.04257;BQBZ=-1.74564;NMBZ=-0.849644;SCBZ=-0.615101;FS=0;MQ0F=0	PL	255,0,129	0,255,200
