chr6	75	.	G	A,<*>	0	.	DP=283;I16=131,25,98,28,5557,200289,4591,168791,9360,561600,7560,453600,2484,51052,2121,45743;QS=0.547596,0.452404,0;VDB=1.58389e-09;SGB=-0.693147;RPBZ=-0.269598;MQBZ=0;MQSBZ=0;BQBZ=1.5258;NMBZ=-2.02395;SCBZ=-1.56217;FS=0;MQ0F=0	PL	255,0,255,255,255,255
