11	75	.	G	<*>	0	.	DP=68;I16=6,62,0,0,2437,87909,0,0,3770,217210,0,0,838,15940,0,0;QS=1,0;MQ0F=0	PL:AD	0,205,255:68,0
11	75	.	GTAAAATAAAATAAAATAAAATAAA	GTAAAATAAAATAAAATAAAATAAAATAAA	0	.	INDEL;IDV=6;IMF=0.0882353;DP=68;I16=4,8,1,5,1440,172800,720,86400,720,43200,174,5046,244,5778,147,3609;QS=0.702055,0.297945;VDB=0.00476095;SGB=-0.616816;RPBZ=-3.24592;MQBZ=-6.13241;MQSBZ=0;BQBZ=0;NMBZ=0;SCBZ=-0.546919;FS=0;MQ0F=0	PL:AD	88,0,221:43,25
