1	100	.	A	<*>	0	.	DP=1;I16=1,0,0,0,34,1156,0,0,60,3600,0,0,25,625,0,0;QS=1,0;MQ0F=0	PL	0,3,34
